Error: ENOENT: no such file or directory, lstat 'PATH/none'
